2026-06-01 21:11:26,839 INFO app.main Logging configured — file: C:\Users\We\Downloads\CP_proj\CP_PROJ\backend\logs\backend.log
2026-06-01 21:11:29,874 INFO app.main Supabase connection verified at startup
2026-06-01 21:11:29,874 INFO app.main Storage active bucket: invoices
2026-06-01 22:26:19,605 INFO app.services.invoice_service receivable_create  invoice_id=31a93330-577e-49e2-86a1-0e754b68c43d  invoice_number='INV-122333'  client_id=7ac61c7d-1289-4482-a396-be3b4841952e
2026-06-01 22:26:19,908 INFO app.services.invoice_service receivable_create  line_items_inserted=2  invoice_id=31a93330-577e-49e2-86a1-0e754b68c43d
2026-06-01 22:26:20,603 INFO app.services.invoice_service receivable_create  stage=pdf_rendered  invoice_id=31a93330-577e-49e2-86a1-0e754b68c43d  size_bytes=3053
2026-06-01 22:26:22,261 INFO app.services.storage_service PDF uploaded  bucket=invoices  path=7bf697fc-7220-40c7-9678-542d624d22ad/31a93330-577e-49e2-86a1-0e754b68c43d.pdf
2026-06-01 22:26:22,566 INFO app.services.invoice_service receivable_create  stage=storage_uploaded  invoice_id=31a93330-577e-49e2-86a1-0e754b68c43d  path=7bf697fc-7220-40c7-9678-542d624d22ad/31a93330-577e-49e2-86a1-0e754b68c43d.pdf
2026-06-01 22:26:28,616 INFO app.services.invoice_service receivable_create  stage=embeddings_stored  invoice_id=31a93330-577e-49e2-86a1-0e754b68c43d  chunks=3
2026-06-01 22:26:29,463 ERROR app.services.invoice_service receivable_create  stage=compliance_failed  invoice_id=31a93330-577e-49e2-86a1-0e754b68c43d  error=name '_check_low_confidence' is not defined
2026-06-01 22:26:29,463 INFO app.services.invoice_service receivable_create_complete  invoice_id=31a93330-577e-49e2-86a1-0e754b68c43d  invoice_number='INV-122333'
2026-06-02 00:49:25,185 INFO app.main Logging configured — file: C:\Users\We\Downloads\CP_proj\CP_PROJ\backend\logs\backend.log
2026-06-02 00:49:28,550 INFO app.main Supabase connection verified at startup
2026-06-02 00:49:28,550 INFO app.main Storage active bucket: invoices
2026-06-02 00:51:58,136 INFO app.main Logging configured — file: C:\Users\We\Downloads\CP_proj\CP_PROJ\backend\logs\backend.log
2026-06-02 00:51:59,488 INFO app.main Supabase connection verified at startup
2026-06-02 00:51:59,488 INFO app.main Storage active bucket: invoices
2026-06-02 00:53:15,656 INFO app.main Logging configured — file: C:\Users\We\Downloads\CP_proj\CP_PROJ\backend\logs\backend.log
2026-06-02 00:53:17,281 INFO app.main Supabase connection verified at startup
2026-06-02 00:53:17,281 INFO app.main Storage active bucket: invoices
2026-06-02 00:53:45,997 INFO app.main Logging configured — file: C:\Users\We\Downloads\CP_proj\CP_PROJ\backend\logs\backend.log
2026-06-02 00:53:47,667 INFO app.main Supabase connection verified at startup
2026-06-02 00:53:47,667 INFO app.main Storage active bucket: invoices
2026-06-02 02:55:01,605 INFO app.main Logging configured — file: C:\Users\We\Downloads\CP_proj\CP_PROJ\backend\logs\backend.log
2026-06-02 02:55:04,877 INFO app.main Supabase connection verified at startup
2026-06-02 02:55:04,877 INFO app.main Storage active bucket: invoices
2026-06-02 02:55:54,913 INFO app.main Logging configured — file: C:\Users\We\Downloads\CP_proj\CP_PROJ\backend\logs\backend.log
2026-06-02 02:55:56,788 INFO app.main Supabase connection verified at startup
2026-06-02 02:55:56,788 INFO app.main Storage active bucket: invoices
2026-06-02 03:03:39,703 INFO app.main Logging configured — file: C:\Users\We\Downloads\CP_proj\CP_PROJ\backend\logs\backend.log
2026-06-02 03:03:41,586 INFO app.main Supabase connection verified at startup
2026-06-02 03:03:41,586 INFO app.main Storage active bucket: invoices
2026-06-02 03:03:47,533 INFO app.main Logging configured — file: C:\Users\We\Downloads\CP_proj\CP_PROJ\backend\logs\backend.log
2026-06-02 03:03:48,731 INFO app.main Supabase connection verified at startup
2026-06-02 03:03:48,731 INFO app.main Storage active bucket: invoices
2026-06-02 03:15:41,518 INFO app.services.invoice_service receivable_create  invoice_id=6437567a-dfef-4736-a558-132c635c5aab  invoice_number='9999'  client_id=050a366a-98ef-43f8-9d11-1ee0edfb1adb
2026-06-02 03:15:41,822 INFO app.services.invoice_service receivable_create  line_items_inserted=1  invoice_id=6437567a-dfef-4736-a558-132c635c5aab
2026-06-02 03:15:42,437 INFO app.services.invoice_service receivable_create  stage=pdf_rendered  invoice_id=6437567a-dfef-4736-a558-132c635c5aab  size_bytes=2964
2026-06-02 03:15:44,171 INFO app.services.storage_service PDF uploaded  bucket=invoices  path=7bf697fc-7220-40c7-9678-542d624d22ad/6437567a-dfef-4736-a558-132c635c5aab.pdf
2026-06-02 03:15:44,481 INFO app.services.invoice_service receivable_create  stage=storage_uploaded  invoice_id=6437567a-dfef-4736-a558-132c635c5aab  path=7bf697fc-7220-40c7-9678-542d624d22ad/6437567a-dfef-4736-a558-132c635c5aab.pdf
2026-06-02 03:15:49,405 INFO app.services.invoice_service receivable_create  stage=embeddings_stored  invoice_id=6437567a-dfef-4736-a558-132c635c5aab  chunks=3
2026-06-02 03:15:50,318 ERROR app.services.invoice_service receivable_create  stage=compliance_failed  invoice_id=6437567a-dfef-4736-a558-132c635c5aab  error=name '_check_low_confidence' is not defined
2026-06-02 03:15:50,319 INFO app.services.invoice_service receivable_create_complete  invoice_id=6437567a-dfef-4736-a558-132c635c5aab  invoice_number='9999'
